2025-08-22 05:30:07.750 | INFO     | __main__:main:263 - ============================================================
2025-08-22 05:30:07.751 | INFO     | __main__:main:264 - VN.PY量化交易系统 - BACKTEST模式
2025-08-22 05:30:07.752 | INFO     | __main__:main:265 - 策略: MA, 品种: BTCUSDT
2025-08-22 05:30:07.752 | INFO     | __main__:main:266 - 时间范围: 2023-01-01 到 2023-12-31
2025-08-22 05:30:07.752 | INFO     | __main__:main:267 - 数据间隔: 1h, 初始资金: 100,000.00
2025-08-22 05:30:07.752 | INFO     | __main__:main:268 - ============================================================
2025-08-22 05:30:07.753 | INFO     | data.data_manager:_init_database:52 - 数据库初始化完成: /home/user/webapp/data/database/market_data.db
2025-08-22 05:30:07.753 | INFO     | data.data_manager:__init__:203 - 数据管理器初始化完成
2025-08-22 05:30:07.754 | INFO     | __main__:run_backtest:27 - 开始下载数据: BTCUSDT (2023-01-01 to 2023-12-31)
2025-08-22 05:30:07.808 | INFO     | data.data_manager:load_bars:101 - 加载了8736条K线数据
2025-08-22 05:30:07.808 | INFO     | data.data_manager:download_data:216 - 使用本地缓存数据: BTCUSDT
2025-08-22 05:30:07.808 | INFO     | __main__:run_backtest:42 - 数据下载完成，共8736条记录
2025-08-22 05:30:07.812 | INFO     | __main__:run_backtest:68 - 开始回测策略: ma (MA10/30)
2025-08-22 05:30:07.816 | INFO     | __main__:run_backtest:83 - 计算MA10和MA30指标...
2025-08-22 05:30:08.127 | INFO     | __main__:run_backtest:120 - ============================================================
2025-08-22 05:30:08.127 | INFO     | __main__:run_backtest:121 - 📊 回测结果详情
2025-08-22 05:30:08.127 | INFO     | __main__:run_backtest:122 - ============================================================
2025-08-22 05:30:08.127 | INFO     | __main__:run_backtest:123 - 📈 策略表现:
2025-08-22 05:30:08.127 | INFO     | __main__:run_backtest:124 -    策略总收益率: 2.4620 (246.20%)
2025-08-22 05:30:08.128 | INFO     | __main__:run_backtest:125 -    基准收益率: 4.0000 (400.00%)
2025-08-22 05:30:08.128 | INFO     | __main__:run_backtest:126 -    超额收益: -1.5380 (-153.80%)
2025-08-22 05:30:08.128 | INFO     | __main__:run_backtest:127 - 
2025-08-22 05:30:08.128 | INFO     | __main__:run_backtest:128 - ⚡ 风险指标:
2025-08-22 05:30:08.128 | INFO     | __main__:run_backtest:129 -    年化波动率: 1.1572 (115.72%)
2025-08-22 05:30:08.129 | INFO     | __main__:run_backtest:130 -    夏普比率: 1.4396
2025-08-22 05:30:08.129 | INFO     | __main__:run_backtest:131 -    最大回撤: 0.0000 (0.00%)
2025-08-22 05:30:08.129 | INFO     | __main__:run_backtest:132 - 
2025-08-22 05:30:08.129 | INFO     | __main__:run_backtest:133 - 📋 交易统计:
2025-08-22 05:30:08.129 | INFO     | __main__:run_backtest:134 -    买入信号: 2次
2025-08-22 05:30:08.129 | INFO     | __main__:run_backtest:135 -    卖出信号: 1次
2025-08-22 05:30:08.130 | INFO     | __main__:run_backtest:136 -    数据周期: 2023-01-01 00:00:00 到 2023-12-30 23:00:00
2025-08-22 05:30:08.131 | INFO     | __main__:run_backtest:137 -    价格范围: $4950.00 - $82500.00
2025-08-22 05:30:08.131 | INFO     | __main__:run_backtest:138 - ============================================================
